// Jest Snapshot v1, https://goo.gl/fbAQLP

exports[`NavItem Test > Snapshot >  1`] = `
.c1 {
  font-size: 14px;
  line-height: 18px;
  margin: 0px 0px 0px 0px;
  font-style: normal;
  font-weight: normal;
  color: inherit;
  -webkit-transition-delay: 0ms;
  transition-delay: 0ms;
  -webkit-transition-timing-function: cubic-bezier(.3,0,0,1);
  transition-timing-function: cubic-bezier(.3,0,0,1);
  -webkit-transition-duration: 150ms;
  transition-duration: 150ms;
  -webkit-transition-property: color;
  transition-property: color;
}

.c2 {
  color: #000000D9;
  overflow: hidden;
  text-overflow: ellipsis;
  white-space: nowrap;
}

.c0 {
  display: -webkit-box;
  display: -webkit-flex;
  display: -ms-flexbox;
  display: flex;
  -webkit-align-items: center;
  -webkit-box-align: center;
  -ms-flex-align: center;
  align-items: center;
  height: 28px;
  padding-right: 6px;
  padding-left: 6px;
  cursor: pointer;
  overflow: hidden;
  border-radius: 6px;
}

.c0:hover {
  background-color: #0000000D;
}

.c0 .sc-eCApnc {
  visibility: hidden;
}

.c0:hover .sc-eCApnc {
  visibility: visible;
}

<div
  class="c0"
  data-testid="bezier-react-nav-item"
>
  <span
    class="c1 c2"
    data-testid="bezier-react-text"
  >
    test-content
  </span>
</div>
`;
