// Jest Snapshot v1, https://goo.gl/fbAQLP

exports[`FormControl > Snapshot > 1`] = `
.c7 {
  -webkit-flex: 0 0 auto;
  -ms-flex: 0 0 auto;
  flex: 0 0 auto;
  margin: 0px 0px 0px 0px;
  color: #00000066;
  -webkit-transition-delay: 0ms;
  transition-delay: 0ms;
  -webkit-transition-timing-function: cubic-bezier(.3,0,0,1);
  transition-timing-function: cubic-bezier(.3,0,0,1);
  -webkit-transition-duration: 150ms;
  transition-duration: 150ms;
  -webkit-transition-property: color;
  transition-property: color;
}

.c9 {
  width: 100%;
  height: 100%;
  padding: 0;
  cursor: auto;
  background-color: transparent;
  border: none;
  outline: none;
  font-size: 14px;
  line-height: 18px;
  color: #000000D9;
}

.c9::-webkit-input-placeholder {
  color: #00000066;
}

.c9::-moz-placeholder {
  color: #00000066;
}

.c9:-ms-input-placeholder {
  color: #00000066;
}

.c9::placeholder {
  color: #00000066;
}

.c8 {
  position: relative;
  box-sizing: border-box;
  display: -webkit-box;
  display: -webkit-flex;
  display: -ms-flexbox;
  display: flex;
  -webkit-align-items: center;
  -webkit-box-align: center;
  -ms-flex-align: center;
  align-items: center;
  height: 36px;
  padding: 0 12px;
  background-color: #FCFCFC;
  overflow: hidden;
  border-radius: 8px;
  box-shadow: 0 1px 2px #0000000D, inset 0 0 0 1px #00000026;
  -webkit-transition-delay: 0ms;
  transition-delay: 0ms;
  -webkit-transition-timing-function: cubic-bezier(.3,0,0,1);
  transition-timing-function: cubic-bezier(.3,0,0,1);
  -webkit-transition-duration: 150ms;
  transition-duration: 150ms;
  -webkit-transition-property: border-color,box-shadow;
  transition-property: border-color,box-shadow;
}

.c0 {
  position: relative;
}

.c1 {
  padding: 0 2px;
  margin-bottom: 4px;
}

.c10 {
  padding: 0 2px;
  margin-top: 4px;
}

.c3 {
  font-size: 13px;
  line-height: 18px;
  margin: 0px 0px 0px 0px;
  font-style: normal;
  font-weight: bold;
  color: #000000D9;
  -webkit-transition-delay: 0ms;
  transition-delay: 0ms;
  -webkit-transition-timing-function: cubic-bezier(.3,0,0,1);
  transition-timing-function: cubic-bezier(.3,0,0,1);
  -webkit-transition-duration: 150ms;
  transition-duration: 150ms;
  -webkit-transition-property: color;
  transition-property: color;
}

.c11 {
  font-size: 13px;
  line-height: 18px;
  margin: 0px 0px 0px 0px;
  font-style: normal;
  font-weight: normal;
  color: #00000066;
  -webkit-transition-delay: 0ms;
  transition-delay: 0ms;
  -webkit-transition-timing-function: cubic-bezier(.3,0,0,1);
  transition-timing-function: cubic-bezier(.3,0,0,1);
  -webkit-transition-duration: 150ms;
  transition-duration: 150ms;
  -webkit-transition-property: color;
  transition-property: color;
}

.c5 {
  position: relative;
}

.c4 {
  display: block;
  text-align: left;
}

.c2 {
  display: -webkit-box;
  display: -webkit-flex;
  display: -ms-flexbox;
  display: flex;
  -webkit-align-items: center;
  -webkit-box-align: center;
  -ms-flex-align: center;
  align-items: center;
}

.c6 {
  display: -webkit-box;
  display: -webkit-flex;
  display: -ms-flexbox;
  display: flex;
  -webkit-align-items: center;
  -webkit-box-align: center;
  -ms-flex-align: center;
  align-items: center;
  -webkit-box-pack: center;
  -webkit-justify-content: center;
  -ms-flex-pack: center;
  justify-content: center;
  margin-left: 6px;
}

.c6:hover > .{
  color: #000000D9;
}

.c12 {
  display: block;
  text-align: left;
}

<div
  class="c0"
  data-testid="bezier-react-form-control"
>
  <div
    class="c0 c1"
  >
    <div
      class="c2"
    >
      <label
        class="c3 c4"
        color="txt-black-darkest"
        data-testid="bezier-react-form-label"
        for="form"
        id="form-label"
      >
        Label
      </label>
      <div
        class="c5 c6"
        data-testid="bezier-react-tooltip"
      >
        <svg
          class="c7 "
          color="txt-black-dark"
          data-testid="bezier-react-form-label-help"
          fill="none"
          foundation="[object Object]"
          height="16"
          marginbottom="0"
          marginleft="0"
          marginright="0"
          margintop="0"
          viewBox="0 0 24 24"
          width="16"
          xmlns="http://www.w3.org/2000/svg"
        >
          <path
            clip-rule="evenodd"
            d="M12 2c5.523 0 10 4.477 10 10s-4.477 10-10 10S2 17.523 2 12 6.477 2 12 2zm.83 12.541h-1.9v-.708c0-1.156.625-2.24 1.672-2.9.867-.546 1.337-.939 1.337-1.447 0-1.014-1-1.561-1.94-1.561-1.035 0-1.942.73-1.942 1.56h-1.9c0-1.875 1.758-3.46 3.841-3.46 2.154 0 3.842 1.52 3.842 3.46 0 1.655-1.393 2.533-2.225 3.056-.236.15-.784.573-.784 1.292v.708zm-.889 3.631a1.244 1.244 0 110-2.487 1.244 1.244 0 010 2.487z"
            fill="currentColor"
            fill-rule="evenodd"
          />
        </svg>
      </div>
    </div>
  </div>
  <div
    class="c8"
    data-testid="bezier-react-text-input"
    size="36"
  >
    <input
      aria-describedby="form-help-text"
      autocomplete="off"
      class="c9"
      id="form"
      placeholder="Placeholder"
      size="36"
      value=""
    />
  </div>
  <div
    class="c0 c10"
  >
    <p
      class="c11 c12"
      color="txt-black-dark"
      data-testid="bezier-react-form-helper-text"
      id="form-help-text"
    >
      Description
    </p>
  </div>
</div>
`;
